- NEW ERROR LOG